------------------------------------------------------------
TimeQuest Timing Analyzer Summary
------------------------------------------------------------

Type  : Slow 1200mV 85C Model Setup 'CLK'
Slack : -6.694
TNS   : -124.129

Type  : Slow 1200mV 85C Model Hold 'CLK'
Slack : 0.344
TNS   : 0.000

Type  : Slow 1200mV 85C Model Recovery 'CLK'
Slack : -1.736
TNS   : -21.848

Type  : Slow 1200mV 85C Model Removal 'CLK'
Slack : 1.424
TNS   : 0.000

Type  : Slow 1200mV 85C Model Minimum Pulse Width 'CLK'
Slack : -3.000
TNS   : -44.000

Type  : Slow 1200mV 0C Model Setup 'CLK'
Slack : -5.887
TNS   : -107.879

Type  : Slow 1200mV 0C Model Hold 'CLK'
Slack : 0.305
TNS   : 0.000

Type  : Slow 1200mV 0C Model Recovery 'CLK'
Slack : -1.475
TNS   : -18.336

Type  : Slow 1200mV 0C Model Removal 'CLK'
Slack : 1.291
TNS   : 0.000

Type  : Slow 1200mV 0C Model Minimum Pulse Width 'CLK'
Slack : -3.000
TNS   : -44.000

Type  : Fast 1200mV 0C Model Setup 'CLK'
Slack : -3.310
TNS   : -52.142

Type  : Fast 1200mV 0C Model Hold 'CLK'
Slack : 0.185
TNS   : 0.000

Type  : Fast 1200mV 0C Model Recovery 'CLK'
Slack : -0.544
TNS   : -6.025

Type  : Fast 1200mV 0C Model Removal 'CLK'
Slack : 0.776
TNS   : 0.000

Type  : Fast 1200mV 0C Model Minimum Pulse Width 'CLK'
Slack : -3.000
TNS   : -45.443

------------------------------------------------------------
